[INFO] Scanning for projects...
Downloading from aliyunmaven: https://maven.aliyun.com/repository/public/org/jooq/maven-metadata.xml
Downloading from aliyunmaven: https://maven.aliyun.com/repository/public/org/jetbrains/kotlin/maven-metadata.xml
Downloading from aliyunmaven: https://maven.aliyun.com/repository/public/org/apache/johnzon/maven-metadata.xml
Downloading from aliyunmaven: https://maven.aliyun.com/repository/public/org/springframework/boot/maven-metadata.xml
Progress (1): 250 BProgress (2): 250 B | 376 BProgress (3): 250 B | 376 B | 399 BProgress (4): 250 B | 376 B | 399 B | 241 B                                           Downloaded from aliyunmaven: https://maven.aliyun.com/repository/public/org/springframework/boot/maven-metadata.xml (250 B at 1.2 kB/s)
Downloaded from aliyunmaven: https://maven.aliyun.com/repository/public/org/jetbrains/kotlin/maven-metadata.xml (376 B at 1.9 kB/s)
Downloading from aliyunmaven: https://maven.aliyun.com/repository/public/org/infinispan/maven-metadata.xml
Downloading from aliyunmaven: https://maven.aliyun.com/repository/public/org/flywaydb/maven-metadata.xml
Downloaded from aliyunmaven: https://maven.aliyun.com/repository/public/org/jooq/maven-metadata.xml (399 B at 2.0 kB/s)
Downloading from aliyunmaven: https://maven.aliyun.com/repository/public/pl/project13/maven/maven-metadata.xml
Progress (2): 241 B | 250 BProgress (3): 241 B | 250 B | 511 BProgress (4): 241 B | 250 B | 511 B | 235 B                                           Downloaded from aliyunmaven: https://maven.aliyun.com/repository/public/org/flywaydb/maven-metadata.xml (235 B at 5.6 kB/s)
Downloading from aliyunmaven: https://maven.aliyun.com/repository/public/org/apache/maven/plugins/maven-metadata.xml
Downloaded from aliyunmaven: https://maven.aliyun.com/repository/public/org/apache/johnzon/maven-metadata.xml (241 B at 964 B/s)
Downloading from aliyunmaven: https://maven.aliyun.com/repository/public/org/codehaus/mojo/maven-metadata.xml
Progress (3): 250 B | 511 B | 3.4/10 kBProgress (3): 250 B | 511 B | 10 kB    Progress (4): 250 B | 511 B | 10 kB | 3.4/21 kBProgress (4): 250 B | 511 B | 10 kB | 20/21 kB Progress (4): 250 B | 511 B | 10 kB | 21 kB                                              Downloaded from aliyunmaven: https://maven.aliyun.com/repository/public/org/apache/maven/plugins/maven-metadata.xml (10 kB at 222 kB/s)
Downloaded from aliyunmaven: https://maven.aliyun.com/repository/public/org/codehaus/mojo/maven-metadata.xml (21 kB at 451 kB/s)
Downloaded from aliyunmaven: https://maven.aliyun.com/repository/public/org/infinispan/maven-metadata.xml (511 B at 2.8 kB/s)
Downloaded from aliyunmaven: https://maven.aliyun.com/repository/public/pl/project13/maven/maven-metadata.xml (250 B at 1.2 kB/s)
[INFO] 
[INFO] --------------------------< top.hyp:blog-api >--------------------------
[INFO] Building blog-api 0.0.1
[INFO]   from pom.xml
[INFO] --------------------------------[ jar ]---------------------------------
[INFO] 
[INFO] >>> spring-boot:2.2.7.RELEASE:run (default-cli) > test-compile @ blog-api >>>
[WARNING] 1 problem was encountered while building the effective model for org.javassist:javassist:jar:3.20.0-GA during dependency collection step for project (use -X to see details)
[INFO] 
[INFO] --- resources:3.1.0:resources (default-resources) @ blog-api ---
[INFO] Using 'UTF-8' encoding to copy filtered resources.
[INFO] Copying 3 resources
[INFO] Copying 23 resources
[INFO] 
[INFO] --- compiler:3.8.1:compile (default-compile) @ blog-api ---
[INFO] Nothing to compile - all classes are up to date
[INFO] 
[INFO] --- resources:3.1.0:testResources (default-testResources) @ blog-api ---
[INFO] Using 'UTF-8' encoding to copy filtered resources.
[INFO] skip non existing resourceDirectory D:\Java_project\HYPBlog\blog-api\src\test\resources
[INFO] 
[INFO] --- compiler:3.8.1:testCompile (default-testCompile) @ blog-api ---
[INFO] Nothing to compile - all classes are up to date
[INFO] 
[INFO] <<< spring-boot:2.2.7.RELEASE:run (default-cli) < test-compile @ blog-api <<<
[INFO] 
[INFO] 
[INFO] --- spring-boot:2.2.7.RELEASE:run (default-cli) @ blog-api ---
[INFO] Attaching agents: []

  .   ____          _            __ _ _
 /\\ / ___'_ __ _ _(_)_ __  __ _ \ \ \ \
( ( )\___ | '_ | '_| | '_ \/ _` | \ \ \ \
 \\/  ___)| |_)| | | | | || (_| |  ) ) ) )
  '  |____| .__|_| |_|_| |_\__, | / / / /
 =========|_|==============|___/=/_/_/_/
 :: Spring Boot ::        (v2.2.7.RELEASE)

2026-05-12 16:57:40.615  INFO 30708 --- [  restartedMain] top.hyp.BlogApiApplication               : Starting BlogApiApplication on LAPTOP-1FHCMDOG with PID 30708 (D:\Java_project\HYPBlog\blog-api\target\classes started by ASUS in D:\Java_project\HYPBlog\blog-api)
2026-05-12 16:57:40.616  INFO 30708 --- [  restartedMain] top.hyp.BlogApiApplication               : The following profiles are active: dev
2026-05-12 16:57:40.638  INFO 30708 --- [  restartedMain] o.s.b.devtools.restart.ChangeableUrls    : The Class-Path manifest attribute in D:\Java\maven-repo\org\glassfish\jaxb\jaxb-runtime\2.3.1\jaxb-runtime-2.3.1.jar referenced one or more files that do not exist: file:/D:/Java/maven-repo/org/glassfish/jaxb/jaxb-runtime/2.3.1/jaxb-api-2.3.1.jar,file:/D:/Java/maven-repo/org/glassfish/jaxb/jaxb-runtime/2.3.1/txw2-2.3.1.jar,file:/D:/Java/maven-repo/org/glassfish/jaxb/jaxb-runtime/2.3.1/istack-commons-runtime-3.0.7.jar,file:/D:/Java/maven-repo/org/glassfish/jaxb/jaxb-runtime/2.3.1/stax-ex-1.8.jar,file:/D:/Java/maven-repo/org/glassfish/jaxb/jaxb-runtime/2.3.1/FastInfoset-1.2.15.jar,file:/D:/Java/maven-repo/org/glassfish/jaxb/jaxb-runtime/2.3.1/javax.activation-api-1.2.0.jar
2026-05-12 16:57:40.638  INFO 30708 --- [  restartedMain] .e.DevToolsPropertyDefaultsPostProcessor : Devtools property defaults active! Set 'spring.devtools.add-properties' to 'false' to disable
2026-05-12 16:57:40.638  INFO 30708 --- [  restartedMain] .e.DevToolsPropertyDefaultsPostProcessor : For additional web related logging consider setting the 'logging.level.web' property to 'DEBUG'
2026-05-12 16:57:40.985  INFO 30708 --- [  restartedMain] .s.d.r.c.RepositoryConfigurationDelegate : Multiple Spring Data modules found, entering strict repository configuration mode!
2026-05-12 16:57:40.987  INFO 30708 --- [  restartedMain] .s.d.r.c.RepositoryConfigurationDelegate : Bootstrapping Spring Data Redis repositories in DEFAULT mode.
2026-05-12 16:57:41.005  INFO 30708 --- [  restartedMain] .s.d.r.c.RepositoryConfigurationDelegate : Finished Spring Data repository scanning in 10ms. Found 0 Redis repository interfaces.
2026-05-12 16:57:41.215  INFO 30708 --- [  restartedMain] trationDelegate$BeanPostProcessorChecker : Bean 'org.springframework.retry.annotation.RetryConfiguration' of type [org.springframework.retry.annotation.RetryConfiguration$$EnhancerBySpringCGLIB$$82b511a2] is not eligible for getting processed by all BeanPostProcessors (for example: not eligible for auto-proxying)
2026-05-12 16:57:41.575  INFO 30708 --- [  restartedMain] o.s.b.w.embedded.tomcat.TomcatWebServer  : Tomcat initialized with port(s): 8090 (http)
2026-05-12 16:57:41.582  INFO 30708 --- [  restartedMain] o.apache.catalina.core.StandardService   : Starting service [Tomcat]
2026-05-12 16:57:41.582  INFO 30708 --- [  restartedMain] org.apache.catalina.core.StandardEngine  : Starting Servlet engine: [Apache Tomcat/9.0.34]
2026-05-12 16:57:41.618  INFO 30708 --- [  restartedMain] o.a.c.c.C.[Tomcat].[localhost].[/]       : Initializing Spring embedded WebApplicationContext
2026-05-12 16:57:41.618  INFO 30708 --- [  restartedMain] o.s.web.context.ContextLoader            : Root WebApplicationContext: initialization completed in 980 ms
2026-05-12 16:57:41.879  INFO 30708 --- [  restartedMain] n.b.parse.useragent.utils.YauaaVersion   : 
2026-05-12 16:57:41.881  INFO 30708 --- [  restartedMain] n.b.parse.useragent.utils.YauaaVersion   : /-----------------------------------------------------------\
2026-05-12 16:57:41.881  INFO 30708 --- [  restartedMain] n.b.parse.useragent.utils.YauaaVersion   : | Yauaa 7.11.0 (v7.11.0 @ 2023-01-24T21:50:03Z)             |
2026-05-12 16:57:41.881  INFO 30708 --- [  restartedMain] n.b.parse.useragent.utils.YauaaVersion   : +-----------------------------------------------------------+
2026-05-12 16:57:41.881  INFO 30708 --- [  restartedMain] n.b.parse.useragent.utils.YauaaVersion   : | For more information: https://yauaa.basjes.nl             |
2026-05-12 16:57:41.881  INFO 30708 --- [  restartedMain] n.b.parse.useragent.utils.YauaaVersion   : | Copyright (C) 2013-2023 Niels Basjes - License Apache 2.0 |
2026-05-12 16:57:41.881  INFO 30708 --- [  restartedMain] n.b.parse.useragent.utils.YauaaVersion   : \-----------------------------------------------------------/
2026-05-12 16:57:41.881  INFO 30708 --- [  restartedMain] n.b.parse.useragent.utils.YauaaVersion   : 
2026-05-12 16:57:41.943  INFO 30708 --- [  restartedMain] n.b.parse.useragent.config.ConfigLoader  : - Loaded 111 files in   58 ms using expression: classpath*:UserAgents/**/*.yaml
2026-05-12 16:57:42.498  INFO 30708 --- [  restartedMain] n.b.p.u.a.UserAgentStringMatchMaker      : Building all needed matchers for the requested 11 fields.
2026-05-12 16:57:42.786  INFO 30708 --- [  restartedMain] io.lettuce.core.EpollProvider            : Starting without optional epoll library
2026-05-12 16:57:42.787  INFO 30708 --- [  restartedMain] io.lettuce.core.KqueueProvider           : Starting without optional kqueue library
2026-05-12 16:57:43.016  INFO 30708 --- [  restartedMain] org.quartz.impl.StdSchedulerFactory      : Using default implementation for ThreadExecutor
2026-05-12 16:57:43.022  INFO 30708 --- [  restartedMain] org.quartz.core.SchedulerSignalerImpl    : Initialized Scheduler Signaller of type: class org.quartz.core.SchedulerSignalerImpl
2026-05-12 16:57:43.023  INFO 30708 --- [  restartedMain] org.quartz.core.QuartzScheduler          : Quartz Scheduler v.2.3.2 created.
2026-05-12 16:57:43.023  INFO 30708 --- [  restartedMain] org.quartz.simpl.RAMJobStore             : RAMJobStore initialized.
2026-05-12 16:57:43.023  INFO 30708 --- [  restartedMain] org.quartz.core.QuartzScheduler          : Scheduler meta-data: Quartz Scheduler (v2.3.2) 'quartzScheduler' with instanceId 'NON_CLUSTERED'
  Scheduler class: 'org.quartz.core.QuartzScheduler' - running locally.
  NOT STARTED.
  Currently in standby mode.
  Number of jobs executed: 0
  Using thread pool 'org.quartz.simpl.SimpleThreadPool' - with 10 threads.
  Using job-store 'org.quartz.simpl.RAMJobStore' - which does not support persistence. and is not clustered.

2026-05-12 16:57:43.023  INFO 30708 --- [  restartedMain] org.quartz.impl.StdSchedulerFactory      : Quartz scheduler 'quartzScheduler' initialized from an externally provided properties instance.
2026-05-12 16:57:43.023  INFO 30708 --- [  restartedMain] org.quartz.impl.StdSchedulerFactory      : Quartz scheduler version: 2.3.2
2026-05-12 16:57:43.023  INFO 30708 --- [  restartedMain] org.quartz.core.QuartzScheduler          : JobFactory set to: org.springframework.scheduling.quartz.SpringBeanJobFactory@2feb6b51
2026-05-12 16:57:43.039  INFO 30708 --- [  restartedMain] com.zaxxer.hikari.HikariDataSource       : HikariPool-1 - Starting...
2026-05-12 16:57:43.115  INFO 30708 --- [  restartedMain] com.zaxxer.hikari.HikariDataSource       : HikariPool-1 - Start completed.
2026-05-12 16:57:43.263  INFO 30708 --- [  restartedMain] o.s.s.concurrent.ThreadPoolTaskExecutor  : Initializing ExecutorService 'applicationTaskExecutor'
2026-05-12 16:57:43.492  INFO 30708 --- [  restartedMain] o.s.s.web.DefaultSecurityFilterChain     : Creating filter chain: any request, [org.springframework.security.web.context.request.async.WebAsyncManagerIntegrationFilter@59c43471, org.springframework.security.web.context.SecurityContextPersistenceFilter@2f96f8ee, org.springframework.security.web.header.HeaderWriterFilter@5c953334, org.springframework.web.filter.CorsFilter@279f500e, org.springframework.security.web.authentication.logout.LogoutFilter@6bff35c7, top.hyp.config.JwtLoginFilter@4aed0e58, top.hyp.config.JwtFilter@3e610b0d, org.springframework.security.web.savedrequest.RequestCacheAwareFilter@5d62cd63, org.springframework.security.web.servletapi.SecurityContextHolderAwareRequestFilter@39d03c35, org.springframework.security.web.authentication.AnonymousAuthenticationFilter@467ed70c, org.springframework.security.web.session.SessionManagementFilter@2153627, org.springframework.security.web.access.ExceptionTranslationFilter@3b7f4f07, org.springframework.security.web.access.intercept.FilterSecurityInterceptor@5cab7953]
2026-05-12 16:57:43.525  INFO 30708 --- [  restartedMain] o.s.b.d.a.OptionalLiveReloadServer       : LiveReload server is running on port 35729
2026-05-12 16:57:43.533  INFO 30708 --- [  restartedMain] o.s.s.quartz.SchedulerFactoryBean        : Starting Quartz Scheduler now
2026-05-12 16:57:43.533  INFO 30708 --- [  restartedMain] org.quartz.core.QuartzScheduler          : Scheduler quartzScheduler_$_NON_CLUSTERED started.
2026-05-12 16:57:43.543  INFO 30708 --- [  restartedMain] o.s.b.w.embedded.tomcat.TomcatWebServer  : Tomcat started on port(s): 8090 (http) with context path ''
2026-05-12 16:57:43.545  INFO 30708 --- [  restartedMain] top.hyp.BlogApiApplication               : Started BlogApiApplication in 3.146 seconds (JVM running for 3.417)
2026-05-12 17:15:06.432  INFO 30708 --- [nio-8090-exec-1] o.a.c.c.C.[Tomcat].[localhost].[/]       : Initializing Spring DispatcherServlet 'dispatcherServlet'
2026-05-12 17:15:06.434  INFO 30708 --- [nio-8090-exec-1] o.s.web.servlet.DispatcherServlet        : Initializing Servlet 'dispatcherServlet'
2026-05-12 17:15:06.451  INFO 30708 --- [nio-8090-exec-1] o.s.web.servlet.DispatcherServlet        : Completed initialization in 17 ms
2026-05-12 17:15:06.541  INFO 30708 --- [         task-1] n.b.p.u.a.UserAgentStringMatchMaker      : Initializing Analyzer data structures
2026-05-12 17:15:07.282  INFO 30708 --- [         task-1] n.b.p.u.a.UserAgentStringMatchMaker      : Built in 740 msec : Hashmap 192397, Ranges map:2904
2026-05-12 17:29:47.988  INFO 30708 --- [       Thread-5] org.quartz.core.QuartzScheduler          : Scheduler quartzScheduler_$_NON_CLUSTERED paused.
2026-05-12 17:29:47.995  INFO 30708 --- [       Thread-5] o.s.s.concurrent.ThreadPoolTaskExecutor  : Shutting down ExecutorService 'applicationTaskExecutor'
2026-05-12 17:29:47.996  INFO 30708 --- [       Thread-5] o.s.s.quartz.SchedulerFactoryBean        : Shutting down Quartz Scheduler
2026-05-12 17:29:47.996  INFO 30708 --- [       Thread-5] org.quartz.core.QuartzScheduler          : Scheduler quartzScheduler_$_NON_CLUSTERED shutting down.
2026-05-12 17:29:47.996  INFO 30708 --- [       Thread-5] org.quartz.core.QuartzScheduler          : Scheduler quartzScheduler_$_NON_CLUSTERED paused.
2026-05-12 17:29:47.996  INFO 30708 --- [       Thread-5] org.quartz.core.QuartzScheduler          : Scheduler quartzScheduler_$_NON_CLUSTERED shutdown complete.
2026-05-12 17:29:48.153  INFO 30708 --- [       Thread-5] com.zaxxer.hikari.HikariDataSource       : HikariPool-1 - Shutdown initiated...
2026-05-12 17:29:48.158  INFO 30708 --- [       Thread-5] com.zaxxer.hikari.HikariDataSource       : HikariPool-1 - Shutdown completed.

  .   ____          _            __ _ _
 /\\ / ___'_ __ _ _(_)_ __  __ _ \ \ \ \
( ( )\___ | '_ | '_| | '_ \/ _` | \ \ \ \
 \\/  ___)| |_)| | | | | || (_| |  ) ) ) )
  '  |____| .__|_| |_|_| |_\__, | / / / /
 =========|_|==============|___/=/_/_/_/
 :: Spring Boot ::        (v2.2.7.RELEASE)

2026-05-12 17:29:48.410  INFO 30708 --- [  restartedMain] top.hyp.BlogApiApplication               : Starting BlogApiApplication on LAPTOP-1FHCMDOG with PID 30708 (started by ASUS in D:\Java_project\HYPBlog\blog-api)
2026-05-12 17:29:48.410  INFO 30708 --- [  restartedMain] top.hyp.BlogApiApplication               : No active profile set, falling back to default profiles: default
2026-05-12 17:29:48.568  INFO 30708 --- [  restartedMain] .s.d.r.c.RepositoryConfigurationDelegate : Multiple Spring Data modules found, entering strict repository configuration mode!
2026-05-12 17:29:48.569  INFO 30708 --- [  restartedMain] .s.d.r.c.RepositoryConfigurationDelegate : Bootstrapping Spring Data Redis repositories in DEFAULT mode.
2026-05-12 17:29:48.570  INFO 30708 --- [  restartedMain] .s.d.r.c.RepositoryConfigurationDelegate : Finished Spring Data repository scanning in 0ms. Found 0 Redis repository interfaces.
2026-05-12 17:29:48.596  WARN 30708 --- [  restartedMain] o.m.s.mapper.ClassPathMapperScanner      : No MyBatis mapper was found in '[top.hyp]' package. Please check your configuration.
2026-05-12 17:29:48.649  INFO 30708 --- [  restartedMain] o.s.b.w.embedded.tomcat.TomcatWebServer  : Tomcat initialized with port(s): 8080 (http)
2026-05-12 17:29:48.649  INFO 30708 --- [  restartedMain] o.apache.catalina.core.StandardService   : Starting service [Tomcat]
2026-05-12 17:29:48.649  INFO 30708 --- [  restartedMain] org.apache.catalina.core.StandardEngine  : Starting Servlet engine: [Apache Tomcat/9.0.34]
2026-05-12 17:29:48.658  INFO 30708 --- [  restartedMain] o.a.c.c.C.[Tomcat].[localhost].[/]       : Initializing Spring embedded WebApplicationContext
2026-05-12 17:29:48.658  INFO 30708 --- [  restartedMain] o.s.web.context.ContextLoader            : Root WebApplicationContext: initialization completed in 246 ms
2026-05-12 17:29:48.691  INFO 30708 --- [  restartedMain] o.s.s.concurrent.ThreadPoolTaskExecutor  : Initializing ExecutorService 'applicationTaskExecutor'
2026-05-12 17:29:48.707  WARN 30708 --- [  restartedMain] ion$DefaultTemplateResolverConfiguration : Cannot find template location: classpath:/templates/ (please add some templates or check your Thymeleaf configuration)
2026-05-12 17:29:48.710  WARN 30708 --- [  restartedMain] ConfigServletWebServerApplicationContext : Exception encountered during context initialization - cancelling refresh attempt: org.springframework.beans.factory.BeanCreationException: Error creating bean with name 'dataSource' defined in class path resource [org/springframework/boot/autoconfigure/jdbc/DataSourceConfiguration$Hikari.class]: Bean instantiation via factory method failed; nested exception is org.springframework.beans.BeanInstantiationException: Failed to instantiate [com.zaxxer.hikari.HikariDataSource]: Factory method 'dataSource' threw exception; nested exception is org.springframework.boot.autoconfigure.jdbc.DataSourceProperties$DataSourceBeanCreationException: Failed to determine a suitable driver class
2026-05-12 17:29:48.711  INFO 30708 --- [  restartedMain] o.s.s.concurrent.ThreadPoolTaskExecutor  : Shutting down ExecutorService 'applicationTaskExecutor'
2026-05-12 17:29:48.711  INFO 30708 --- [  restartedMain] o.apache.catalina.core.StandardService   : Stopping service [Tomcat]
2026-05-12 17:29:48.714  INFO 30708 --- [  restartedMain] ConditionEvaluationReportLoggingListener : 

Error starting ApplicationContext. To display the conditions report re-run your application with 'debug' enabled.
2026-05-12 17:29:48.714 ERROR 30708 --- [  restartedMain] o.s.b.d.LoggingFailureAnalysisReporter   : 

***************************
APPLICATION FAILED TO START
***************************

Description:

Failed to configure a DataSource: 'url' attribute is not specified and no embedded datasource could be configured.

Reason: Failed to determine a suitable driver class


Action:

Consider the following:
	If you want an embedded database (H2, HSQL or Derby), please put it on the classpath.
	If you have database settings to be loaded from a particular profile you may need to activate it (no profiles are currently active).


  .   ____          _            __ _ _
 /\\ / ___'_ __ _ _(_)_ __  __ _ \ \ \ \
( ( )\___ | '_ | '_| | '_ \/ _` | \ \ \ \
 \\/  ___)| |_)| | | | | || (_| |  ) ) ) )
  '  |____| .__|_| |_|_| |_\__, | / / / /
 =========|_|==============|___/=/_/_/_/
 :: Spring Boot ::        (v2.2.7.RELEASE)

2026-05-12 17:30:12.547  INFO 30708 --- [  restartedMain] top.hyp.BlogApiApplication               : Starting BlogApiApplication on LAPTOP-1FHCMDOG with PID 30708 (D:\Java_project\HYPBlog\blog-api\target\classes started by ASUS in D:\Java_project\HYPBlog\blog-api)
2026-05-12 17:30:12.547  INFO 30708 --- [  restartedMain] top.hyp.BlogApiApplication               : The following profiles are active: dev
2026-05-12 17:30:12.654  INFO 30708 --- [  restartedMain] .s.d.r.c.RepositoryConfigurationDelegate : Multiple Spring Data modules found, entering strict repository configuration mode!
2026-05-12 17:30:12.654  INFO 30708 --- [  restartedMain] .s.d.r.c.RepositoryConfigurationDelegate : Bootstrapping Spring Data Redis repositories in DEFAULT mode.
2026-05-12 17:30:12.655  INFO 30708 --- [  restartedMain] .s.d.r.c.RepositoryConfigurationDelegate : Finished Spring Data repository scanning in 0ms. Found 0 Redis repository interfaces.
2026-05-12 17:30:12.675  WARN 30708 --- [  restartedMain] o.m.s.mapper.ClassPathMapperScanner      : No MyBatis mapper was found in '[top.hyp]' package. Please check your configuration.
2026-05-12 17:30:12.712  INFO 30708 --- [  restartedMain] o.s.b.w.embedded.tomcat.TomcatWebServer  : Tomcat initialized with port(s): 8090 (http)
2026-05-12 17:30:12.712  INFO 30708 --- [  restartedMain] o.apache.catalina.core.StandardService   : Starting service [Tomcat]
2026-05-12 17:30:12.712  INFO 30708 --- [  restartedMain] org.apache.catalina.core.StandardEngine  : Starting Servlet engine: [Apache Tomcat/9.0.34]
2026-05-12 17:30:12.725  INFO 30708 --- [  restartedMain] o.a.c.c.C.[Tomcat-1].[localhost].[/]     : Initializing Spring embedded WebApplicationContext
2026-05-12 17:30:12.725  INFO 30708 --- [  restartedMain] o.s.web.context.ContextLoader            : Root WebApplicationContext: initialization completed in 178 ms
2026-05-12 17:30:12.766  INFO 30708 --- [  restartedMain] o.s.s.concurrent.ThreadPoolTaskExecutor  : Initializing ExecutorService 'applicationTaskExecutor'
2026-05-12 17:30:12.819  WARN 30708 --- [  restartedMain] ConfigServletWebServerApplicationContext : Exception encountered during context initialization - cancelling refresh attempt: org.springframework.beans.factory.BeanCreationException: Error creating bean with name 'sqlSessionFactory' defined in class path resource [org/mybatis/spring/boot/autoconfigure/MybatisAutoConfiguration.class]: Bean instantiation via factory method failed; nested exception is org.springframework.beans.BeanInstantiationException: Failed to instantiate [org.apache.ibatis.session.SqlSessionFactory]: Factory method 'sqlSessionFactory' threw exception; nested exception is org.springframework.core.NestedIOException: Failed to parse mapping resource: 'file [D:\Java_project\HYPBlog\blog-api\target\classes\mapper\AboutMapper.xml]'; nested exception is org.apache.ibatis.builder.BuilderException: Error parsing Mapper XML. The XML location is 'file [D:\Java_project\HYPBlog\blog-api\target\classes\mapper\AboutMapper.xml]'. Cause: org.apache.ibatis.builder.BuilderException: Error resolving class. Cause: org.apache.ibatis.type.TypeException: Could not resolve type alias 'top.hyp.entity.About'.  Cause: java.lang.ClassNotFoundException: Cannot find class: top.hyp.entity.About
2026-05-12 17:30:12.819  INFO 30708 --- [  restartedMain] o.s.s.concurrent.ThreadPoolTaskExecutor  : Shutting down ExecutorService 'applicationTaskExecutor'
2026-05-12 17:30:12.819  INFO 30708 --- [  restartedMain] o.apache.catalina.core.StandardService   : Stopping service [Tomcat]
2026-05-12 17:30:12.822  INFO 30708 --- [  restartedMain] ConditionEvaluationReportLoggingListener : 

Error starting ApplicationContext. To display the conditions report re-run your application with 'debug' enabled.
2026-05-12 17:30:12.824 ERROR 30708 --- [  restartedMain] o.s.boot.SpringApplication               : Application run failed

org.springframework.beans.factory.BeanCreationException: Error creating bean with name 'sqlSessionFactory' defined in class path resource [org/mybatis/spring/boot/autoconfigure/MybatisAutoConfiguration.class]: Bean instantiation via factory method failed; nested exception is org.springframework.beans.BeanInstantiationException: Failed to instantiate [org.apache.ibatis.session.SqlSessionFactory]: Factory method 'sqlSessionFactory' threw exception; nested exception is org.springframework.core.NestedIOException: Failed to parse mapping resource: 'file [D:\Java_project\HYPBlog\blog-api\target\classes\mapper\AboutMapper.xml]'; nested exception is org.apache.ibatis.builder.BuilderException: Error parsing Mapper XML. The XML location is 'file [D:\Java_project\HYPBlog\blog-api\target\classes\mapper\AboutMapper.xml]'. Cause: org.apache.ibatis.builder.BuilderException: Error resolving class. Cause: org.apache.ibatis.type.TypeException: Could not resolve type alias 'top.hyp.entity.About'.  Cause: java.lang.ClassNotFoundException: Cannot find class: top.hyp.entity.About
	at org.springframework.beans.factory.support.ConstructorResolver.instantiate(ConstructorResolver.java:656)
	at org.springframework.beans.factory.support.ConstructorResolver.instantiateUsingFactoryMethod(ConstructorResolver.java:636)
	at org.springframework.beans.factory.support.AbstractAutowireCapableBeanFactory.instantiateUsingFactoryMethod(AbstractAutowireCapableBeanFactory.java:1338)
	at org.springframework.beans.factory.support.AbstractAutowireCapableBeanFactory.createBeanInstance(AbstractAutowireCapableBeanFactory.java:1177)
	at org.springframework.beans.factory.support.AbstractAutowireCapableBeanFactory.doCreateBean(AbstractAutowireCapableBeanFactory.java:557)
	at org.springframework.beans.factory.support.AbstractAutowireCapableBeanFactory.createBean(AbstractAutowireCapableBeanFactory.java:517)
	at org.springframework.beans.factory.support.AbstractBeanFactory.lambda$doGetBean$0(AbstractBeanFactory.java:323)
	at org.springframework.beans.factory.support.DefaultSingletonBeanRegistry.getSingleton(DefaultSingletonBeanRegistry.java:226)
	at org.springframework.beans.factory.support.AbstractBeanFactory.doGetBean(AbstractBeanFactory.java:321)
	at org.springframework.beans.factory.support.AbstractBeanFactory.getBean(AbstractBeanFactory.java:202)
	at org.springframework.beans.factory.support.DefaultListableBeanFactory.preInstantiateSingletons(DefaultListableBeanFactory.java:895)
	at org.springframework.context.support.AbstractApplicationContext.finishBeanFactoryInitialization(AbstractApplicationContext.java:878)
	at org.springframework.context.support.AbstractApplicationContext.refresh(AbstractApplicationContext.java:550)
	at org.springframework.boot.web.servlet.context.ServletWebServerApplicationContext.refresh(ServletWebServerApplicationContext.java:141)
	at org.springframework.boot.SpringApplication.refresh(SpringApplication.java:747)
	at org.springframework.boot.SpringApplication.refreshContext(SpringApplication.java:397)
	at org.springframework.boot.SpringApplication.run(SpringApplication.java:315)
	at org.springframework.boot.SpringApplication.run(SpringApplication.java:1226)
	at org.springframework.boot.SpringApplication.run(SpringApplication.java:1215)
	at top.hyp.BlogApiApplication.main(BlogApiApplication.java:10)
	at java.base/jdk.internal.reflect.NativeMethodAccessorImpl.invoke0(Native Method)
	at java.base/jdk.internal.reflect.NativeMethodAccessorImpl.invoke(NativeMethodAccessorImpl.java:77)
	at java.base/jdk.internal.reflect.DelegatingMethodAccessorImpl.invoke(DelegatingMethodAccessorImpl.java:43)
	at java.base/java.lang.reflect.Method.invoke(Method.java:568)
	at org.springframework.boot.devtools.restart.RestartLauncher.run(RestartLauncher.java:49)
Caused by: org.springframework.beans.BeanInstantiationException: Failed to instantiate [org.apache.ibatis.session.SqlSessionFactory]: Factory method 'sqlSessionFactory' threw exception; nested exception is org.springframework.core.NestedIOException: Failed to parse mapping resource: 'file [D:\Java_project\HYPBlog\blog-api\target\classes\mapper\AboutMapper.xml]'; nested exception is org.apache.ibatis.builder.BuilderException: Error parsing Mapper XML. The XML location is 'file [D:\Java_project\HYPBlog\blog-api\target\classes\mapper\AboutMapper.xml]'. Cause: org.apache.ibatis.builder.BuilderException: Error resolving class. Cause: org.apache.ibatis.type.TypeException: Could not resolve type alias 'top.hyp.entity.About'.  Cause: java.lang.ClassNotFoundException: Cannot find class: top.hyp.entity.About
	at org.springframework.beans.factory.support.SimpleInstantiationStrategy.instantiate(SimpleInstantiationStrategy.java:185)
	at org.springframework.beans.factory.support.ConstructorResolver.instantiate(ConstructorResolver.java:651)
	... 24 common frames omitted
Caused by: org.springframework.core.NestedIOException: Failed to parse mapping resource: 'file [D:\Java_project\HYPBlog\blog-api\target\classes\mapper\AboutMapper.xml]'; nested exception is org.apache.ibatis.builder.BuilderException: Error parsing Mapper XML. The XML location is 'file [D:\Java_project\HYPBlog\blog-api\target\classes\mapper\AboutMapper.xml]'. Cause: org.apache.ibatis.builder.BuilderException: Error resolving class. Cause: org.apache.ibatis.type.TypeException: Could not resolve type alias 'top.hyp.entity.About'.  Cause: java.lang.ClassNotFoundException: Cannot find class: top.hyp.entity.About
	at org.mybatis.spring.SqlSessionFactoryBean.buildSqlSessionFactory(SqlSessionFactoryBean.java:612)
	at org.mybatis.spring.SqlSessionFactoryBean.afterPropertiesSet(SqlSessionFactoryBean.java:490)
	at org.mybatis.spring.SqlSessionFactoryBean.getObject(SqlSessionFactoryBean.java:632)
	at org.mybatis.spring.boot.autoconfigure.MybatisAutoConfiguration.sqlSessionFactory(MybatisAutoConfiguration.java:180)
	at org.mybatis.spring.boot.autoconfigure.MybatisAutoConfiguration$$EnhancerBySpringCGLIB$$bfc5caad.CGLIB$sqlSessionFactory$1(<generated>)
	at org.mybatis.spring.boot.autoconfigure.MybatisAutoConfiguration$$EnhancerBySpringCGLIB$$bfc5caad$$FastClassBySpringCGLIB$$52e31ba5.invoke(<generated>)
	at org.springframework.cglib.proxy.MethodProxy.invokeSuper(MethodProxy.java:244)
	at org.springframework.context.annotation.ConfigurationClassEnhancer$BeanMethodInterceptor.intercept(ConfigurationClassEnhancer.java:331)
	at org.mybatis.spring.boot.autoconfigure.MybatisAutoConfiguration$$EnhancerBySpringCGLIB$$bfc5caad.sqlSessionFactory(<generated>)
	at java.base/jdk.internal.reflect.NativeMethodAccessorImpl.invoke0(Native Method)
	at java.base/jdk.internal.reflect.NativeMethodAccessorImpl.invoke(NativeMethodAccessorImpl.java:77)
	at java.base/jdk.internal.reflect.DelegatingMethodAccessorImpl.invoke(DelegatingMethodAccessorImpl.java:43)
	at java.base/java.lang.reflect.Method.invoke(Method.java:568)
	at org.springframework.beans.factory.support.SimpleInstantiationStrategy.instantiate(SimpleInstantiationStrategy.java:154)
	... 25 common frames omitted
Caused by: org.apache.ibatis.builder.BuilderException: Error parsing Mapper XML. The XML location is 'file [D:\Java_project\HYPBlog\blog-api\target\classes\mapper\AboutMapper.xml]'. Cause: org.apache.ibatis.builder.BuilderException: Error resolving class. Cause: org.apache.ibatis.type.TypeException: Could not resolve type alias 'top.hyp.entity.About'.  Cause: java.lang.ClassNotFoundException: Cannot find class: top.hyp.entity.About
	at org.apache.ibatis.builder.xml.XMLMapperBuilder.configurationElement(XMLMapperBuilder.java:123)
	at org.apache.ibatis.builder.xml.XMLMapperBuilder.parse(XMLMapperBuilder.java:95)
	at org.mybatis.spring.SqlSessionFactoryBean.buildSqlSessionFactory(SqlSessionFactoryBean.java:610)
	... 38 common frames omitted
Caused by: org.apache.ibatis.builder.BuilderException: Error resolving class. Cause: org.apache.ibatis.type.TypeException: Could not resolve type alias 'top.hyp.entity.About'.  Cause: java.lang.ClassNotFoundException: Cannot find class: top.hyp.entity.About
	at org.apache.ibatis.builder.BaseBuilder.resolveClass(BaseBuilder.java:118)
	at org.apache.ibatis.builder.xml.XMLStatementBuilder.parseStatementNode(XMLStatementBuilder.java:102)
	at org.apache.ibatis.builder.xml.XMLMapperBuilder.buildStatementFromContext(XMLMapperBuilder.java:138)
	at org.apache.ibatis.builder.xml.XMLMapperBuilder.buildStatementFromContext(XMLMapperBuilder.java:131)
	at org.apache.ibatis.builder.xml.XMLMapperBuilder.configurationElement(XMLMapperBuilder.java:121)
	... 40 common frames omitted
Caused by: org.apache.ibatis.type.TypeException: Could not resolve type alias 'top.hyp.entity.About'.  Cause: java.lang.ClassNotFoundException: Cannot find class: top.hyp.entity.About
	at org.apache.ibatis.type.TypeAliasRegistry.resolveAlias(TypeAliasRegistry.java:120)
	at org.apache.ibatis.builder.BaseBuilder.resolveAlias(BaseBuilder.java:149)
	at org.apache.ibatis.builder.BaseBuilder.resolveClass(BaseBuilder.java:116)
	... 44 common frames omitted
Caused by: java.lang.ClassNotFoundException: Cannot find class: top.hyp.entity.About
	at org.apache.ibatis.io.ClassLoaderWrapper.classForName(ClassLoaderWrapper.java:200)
	at org.apache.ibatis.io.ClassLoaderWrapper.classForName(ClassLoaderWrapper.java:89)
	at org.apache.ibatis.io.Resources.classForName(Resources.java:261)
	at org.apache.ibatis.type.TypeAliasRegistry.resolveAlias(TypeAliasRegistry.java:116)
	... 46 common frames omitted


  .   ____          _            __ _ _
 /\\ / ___'_ __ _ _(_)_ __  __ _ \ \ \ \
( ( )\___ | '_ | '_| | '_ \/ _` | \ \ \ \
 \\/  ___)| |_)| | | | | || (_| |  ) ) ) )
  '  |____| .__|_| |_|_| |_\__, | / / / /
 =========|_|==============|___/=/_/_/_/
 :: Spring Boot ::        (v2.2.7.RELEASE)

2026-05-12 17:30:15.730  INFO 30708 --- [  restartedMain] top.hyp.BlogApiApplication               : Starting BlogApiApplication on LAPTOP-1FHCMDOG with PID 30708 (D:\Java_project\HYPBlog\blog-api\target\classes started by ASUS in D:\Java_project\HYPBlog\blog-api)
2026-05-12 17:30:15.730  INFO 30708 --- [  restartedMain] top.hyp.BlogApiApplication               : The following profiles are active: dev
2026-05-12 17:30:15.858  INFO 30708 --- [  restartedMain] .s.d.r.c.RepositoryConfigurationDelegate : Multiple Spring Data modules found, entering strict repository configuration mode!
2026-05-12 17:30:15.858  INFO 30708 --- [  restartedMain] .s.d.r.c.RepositoryConfigurationDelegate : Bootstrapping Spring Data Redis repositories in DEFAULT mode.
2026-05-12 17:30:15.866  INFO 30708 --- [  restartedMain] .s.d.r.c.RepositoryConfigurationDelegate : Finished Spring Data repository scanning in 7ms. Found 0 Redis repository interfaces.
2026-05-12 17:30:15.914  INFO 30708 --- [  restartedMain] trationDelegate$BeanPostProcessorChecker : Bean 'org.springframework.retry.annotation.RetryConfiguration' of type [org.springframework.retry.annotation.RetryConfiguration$$EnhancerBySpringCGLIB$$82b511a2] is not eligible for getting processed by all BeanPostProcessors (for example: not eligible for auto-proxying)
2026-05-12 17:30:15.980  INFO 30708 --- [  restartedMain] o.s.b.w.embedded.tomcat.TomcatWebServer  : Tomcat initialized with port(s): 8090 (http)
2026-05-12 17:30:15.980  INFO 30708 --- [  restartedMain] o.apache.catalina.core.StandardService   : Starting service [Tomcat]
2026-05-12 17:30:15.981  INFO 30708 --- [  restartedMain] org.apache.catalina.core.StandardEngine  : Starting Servlet engine: [Apache Tomcat/9.0.34]
2026-05-12 17:30:15.994  INFO 30708 --- [  restartedMain] o.a.c.c.C.[Tomcat-2].[localhost].[/]     : Initializing Spring embedded WebApplicationContext
2026-05-12 17:30:15.994  INFO 30708 --- [  restartedMain] o.s.web.context.ContextLoader            : Root WebApplicationContext: initialization completed in 262 ms
2026-05-12 17:30:16.116  INFO 30708 --- [  restartedMain] n.b.parse.useragent.utils.YauaaVersion   : 
2026-05-12 17:30:16.116  INFO 30708 --- [  restartedMain] n.b.parse.useragent.utils.YauaaVersion   : /-----------------------------------------------------------\
2026-05-12 17:30:16.116  INFO 30708 --- [  restartedMain] n.b.parse.useragent.utils.YauaaVersion   : | Yauaa 7.11.0 (v7.11.0 @ 2023-01-24T21:50:03Z)             |
2026-05-12 17:30:16.116  INFO 30708 --- [  restartedMain] n.b.parse.useragent.utils.YauaaVersion   : +-----------------------------------------------------------+
2026-05-12 17:30:16.116  INFO 30708 --- [  restartedMain] n.b.parse.useragent.utils.YauaaVersion   : | For more information: https://yauaa.basjes.nl             |
2026-05-12 17:30:16.116  INFO 30708 --- [  restartedMain] n.b.parse.useragent.utils.YauaaVersion   : | Copyright (C) 2013-2023 Niels Basjes - License Apache 2.0 |
2026-05-12 17:30:16.116  INFO 30708 --- [  restartedMain] n.b.parse.useragent.utils.YauaaVersion   : \-----------------------------------------------------------/
2026-05-12 17:30:16.116  INFO 30708 --- [  restartedMain] n.b.parse.useragent.utils.YauaaVersion   : 
2026-05-12 17:30:16.226  INFO 30708 --- [  restartedMain] n.b.parse.useragent.config.ConfigLoader  : - Loaded 111 files in  109 ms using expression: classpath*:UserAgents/**/*.yaml
2026-05-12 17:30:16.966  INFO 30708 --- [  restartedMain] n.b.p.u.a.UserAgentStringMatchMaker      : Building all needed matchers for the requested 11 fields.
2026-05-12 17:30:17.268  INFO 30708 --- [  restartedMain] org.quartz.impl.StdSchedulerFactory      : Using default implementation for ThreadExecutor
2026-05-12 17:30:17.269  INFO 30708 --- [  restartedMain] org.quartz.core.SchedulerSignalerImpl    : Initialized Scheduler Signaller of type: class org.quartz.core.SchedulerSignalerImpl
2026-05-12 17:30:17.269  INFO 30708 --- [  restartedMain] org.quartz.core.QuartzScheduler          : Quartz Scheduler v.2.3.2 created.
2026-05-12 17:30:17.269  INFO 30708 --- [  restartedMain] org.quartz.simpl.RAMJobStore             : RAMJobStore initialized.
2026-05-12 17:30:17.269  INFO 30708 --- [  restartedMain] org.quartz.core.QuartzScheduler          : Scheduler meta-data: Quartz Scheduler (v2.3.2) 'quartzScheduler' with instanceId 'NON_CLUSTERED'
  Scheduler class: 'org.quartz.core.QuartzScheduler' - running locally.
  NOT STARTED.
  Currently in standby mode.
  Number of jobs executed: 0
  Using thread pool 'org.quartz.simpl.SimpleThreadPool' - with 10 threads.
  Using job-store 'org.quartz.simpl.RAMJobStore' - which does not support persistence. and is not clustered.

2026-05-12 17:30:17.269  INFO 30708 --- [  restartedMain] org.quartz.impl.StdSchedulerFactory      : Quartz scheduler 'quartzScheduler' initialized from an externally provided properties instance.
2026-05-12 17:30:17.269  INFO 30708 --- [  restartedMain] org.quartz.impl.StdSchedulerFactory      : Quartz scheduler version: 2.3.2
2026-05-12 17:30:17.269  INFO 30708 --- [  restartedMain] org.quartz.core.QuartzScheduler          : JobFactory set to: org.springframework.scheduling.quartz.SpringBeanJobFactory@4300a1bc
2026-05-12 17:30:17.283  INFO 30708 --- [  restartedMain] com.zaxxer.hikari.HikariDataSource       : HikariPool-2 - Starting...
2026-05-12 17:30:17.287  INFO 30708 --- [  restartedMain] com.zaxxer.hikari.HikariDataSource       : HikariPool-2 - Start completed.
2026-05-12 17:30:17.491  INFO 30708 --- [  restartedMain] o.s.s.concurrent.ThreadPoolTaskExecutor  : Initializing ExecutorService 'applicationTaskExecutor'
2026-05-12 17:30:17.699  INFO 30708 --- [  restartedMain] o.s.s.web.DefaultSecurityFilterChain     : Creating filter chain: any request, [org.springframework.security.web.context.request.async.WebAsyncManagerIntegrationFilter@3d8c6384, org.springframework.security.web.context.SecurityContextPersistenceFilter@3537ea8e, org.springframework.security.web.header.HeaderWriterFilter@7e101386, org.springframework.web.filter.CorsFilter@20b8d7d9, org.springframework.security.web.authentication.logout.LogoutFilter@13e7f493, top.hyp.config.JwtLoginFilter@5888c106, top.hyp.config.JwtFilter@a6ce54b, org.springframework.security.web.savedrequest.RequestCacheAwareFilter@235d977b, org.springframework.security.web.servletapi.SecurityContextHolderAwareRequestFilter@5d2f2cb5, org.springframework.security.web.authentication.AnonymousAuthenticationFilter@542237c1, org.springframework.security.web.session.SessionManagementFilter@50028cfa, org.springframework.security.web.access.ExceptionTranslationFilter@27c63744, org.springframework.security.web.access.intercept.FilterSecurityInterceptor@373ca155]
2026-05-12 17:30:17.737  INFO 30708 --- [  restartedMain] o.s.b.d.a.OptionalLiveReloadServer       : LiveReload server is running on port 35729
2026-05-12 17:30:17.747  INFO 30708 --- [  restartedMain] o.s.s.quartz.SchedulerFactoryBean        : Starting Quartz Scheduler now
2026-05-12 17:30:17.748  INFO 30708 --- [  restartedMain] org.quartz.core.QuartzScheduler          : Scheduler quartzScheduler_$_NON_CLUSTERED started.
2026-05-12 17:30:17.753  INFO 30708 --- [  restartedMain] o.s.b.w.embedded.tomcat.TomcatWebServer  : Tomcat started on port(s): 8090 (http) with context path ''
2026-05-12 17:30:17.753  INFO 30708 --- [  restartedMain] top.hyp.BlogApiApplication               : Started BlogApiApplication in 2.039 seconds (JVM running for 1957.625)
2026-05-12 17:30:17.754  INFO 30708 --- [  restartedMain] .ConditionEvaluationDeltaLoggingListener : Condition evaluation unchanged
2026-05-12 17:43:10.683  INFO 30708 --- [nio-8090-exec-1] o.a.c.c.C.[Tomcat-2].[localhost].[/]     : Initializing Spring DispatcherServlet 'dispatcherServlet'
2026-05-12 17:43:10.684  INFO 30708 --- [nio-8090-exec-1] o.s.web.servlet.DispatcherServlet        : Initializing Servlet 'dispatcherServlet'
2026-05-12 17:43:10.689  INFO 30708 --- [nio-8090-exec-1] o.s.web.servlet.DispatcherServlet        : Completed initialization in 5 ms
2026-05-12 17:43:10.711  INFO 30708 --- [         task-1] n.b.p.u.a.UserAgentStringMatchMaker      : Initializing Analyzer data structures
2026-05-12 17:43:11.261  INFO 30708 --- [         task-1] n.b.p.u.a.UserAgentStringMatchMaker      : Built in 550 msec : Hashmap 192397, Ranges map:2904
2026-05-12 18:52:40.093  INFO 30708 --- [       Thread-8] org.quartz.core.QuartzScheduler          : Scheduler quartzScheduler_$_NON_CLUSTERED paused.
2026-05-12 18:52:40.100  INFO 30708 --- [       Thread-8] o.s.s.concurrent.ThreadPoolTaskExecutor  : Shutting down ExecutorService 'applicationTaskExecutor'
2026-05-12 18:52:40.103  INFO 30708 --- [       Thread-8] o.s.s.quartz.SchedulerFactoryBean        : Shutting down Quartz Scheduler
2026-05-12 18:52:40.103  INFO 30708 --- [       Thread-8] org.quartz.core.QuartzScheduler          : Scheduler quartzScheduler_$_NON_CLUSTERED shutting down.
2026-05-12 18:52:40.103  INFO 30708 --- [       Thread-8] org.quartz.core.QuartzScheduler          : Scheduler quartzScheduler_$_NON_CLUSTERED paused.
2026-05-12 18:52:40.103  INFO 30708 --- [       Thread-8] org.quartz.core.QuartzScheduler          : Scheduler quartzScheduler_$_NON_CLUSTERED shutdown complete.
2026-05-12 18:52:40.236  INFO 30708 --- [       Thread-8] com.zaxxer.hikari.HikariDataSource       : HikariPool-2 - Shutdown initiated...
2026-05-12 18:52:40.242  INFO 30708 --- [       Thread-8] com.zaxxer.hikari.HikariDataSource       : HikariPool-2 - Shutdown completed.

  .   ____          _            __ _ _
 /\\ / ___'_ __ _ _(_)_ __  __ _ \ \ \ \
( ( )\___ | '_ | '_| | '_ \/ _` | \ \ \ \
 \\/  ___)| |_)| | | | | || (_| |  ) ) ) )
  '  |____| .__|_| |_|_| |_\__, | / / / /
 =========|_|==============|___/=/_/_/_/
 :: Spring Boot ::        (v2.2.7.RELEASE)

2026-05-12 18:52:40.597  INFO 30708 --- [  restartedMain] top.hyp.BlogApiApplication               : Starting BlogApiApplication on LAPTOP-1FHCMDOG with PID 30708 (started by ASUS in D:\Java_project\HYPBlog\blog-api)
2026-05-12 18:52:40.597  INFO 30708 --- [  restartedMain] top.hyp.BlogApiApplication               : No active profile set, falling back to default profiles: default
2026-05-12 18:52:40.982  INFO 30708 --- [  restartedMain] .s.d.r.c.RepositoryConfigurationDelegate : Multiple Spring Data modules found, entering strict repository configuration mode!
2026-05-12 18:52:40.982  INFO 30708 --- [  restartedMain] .s.d.r.c.RepositoryConfigurationDelegate : Bootstrapping Spring Data Redis repositories in DEFAULT mode.
2026-05-12 18:52:40.987  INFO 30708 --- [  restartedMain] .s.d.r.c.RepositoryConfigurationDelegate : Finished Spring Data repository scanning in 1ms. Found 0 Redis repository interfaces.
2026-05-12 18:52:41.047  WARN 30708 --- [  restartedMain] o.m.s.mapper.ClassPathMapperScanner      : No MyBatis mapper was found in '[top.hyp]' package. Please check your configuration.
2026-05-12 18:52:41.131  INFO 30708 --- [  restartedMain] o.s.b.w.embedded.tomcat.TomcatWebServer  : Tomcat initialized with port(s): 8080 (http)
2026-05-12 18:52:41.132  INFO 30708 --- [  restartedMain] o.apache.catalina.core.StandardService   : Starting service [Tomcat]
2026-05-12 18:52:41.132  INFO 30708 --- [  restartedMain] org.apache.catalina.core.StandardEngine  : Starting Servlet engine: [Apache Tomcat/9.0.34]
2026-05-12 18:52:41.151  INFO 30708 --- [  restartedMain] o.a.c.c.C.[Tomcat-2].[localhost].[/]     : Initializing Spring embedded WebApplicationContext
2026-05-12 18:52:41.151  INFO 30708 --- [  restartedMain] o.s.web.context.ContextLoader            : Root WebApplicationContext: initialization completed in 552 ms
2026-05-12 18:52:41.208  INFO 30708 --- [  restartedMain] o.s.s.concurrent.ThreadPoolTaskExecutor  : Initializing ExecutorService 'applicationTaskExecutor'
2026-05-12 18:52:41.237  WARN 30708 --- [  restartedMain] ion$DefaultTemplateResolverConfiguration : Cannot find template location: classpath:/templates/ (please add some templates or check your Thymeleaf configuration)
2026-05-12 18:52:41.243  WARN 30708 --- [  restartedMain] ConfigServletWebServerApplicationContext : Exception encountered during context initialization - cancelling refresh attempt: org.springframework.beans.factory.BeanCreationException: Error creating bean with name 'dataSource' defined in class path resource [org/springframework/boot/autoconfigure/jdbc/DataSourceConfiguration$Hikari.class]: Bean instantiation via factory method failed; nested exception is org.springframework.beans.BeanInstantiationException: Failed to instantiate [com.zaxxer.hikari.HikariDataSource]: Factory method 'dataSource' threw exception; nested exception is org.springframework.boot.autoconfigure.jdbc.DataSourceProperties$DataSourceBeanCreationException: Failed to determine a suitable driver class
2026-05-12 18:52:41.243  INFO 30708 --- [  restartedMain] o.s.s.concurrent.ThreadPoolTaskExecutor  : Shutting down ExecutorService 'applicationTaskExecutor'
2026-05-12 18:52:41.243  INFO 30708 --- [  restartedMain] o.apache.catalina.core.StandardService   : Stopping service [Tomcat]
2026-05-12 18:52:41.247  INFO 30708 --- [  restartedMain] ConditionEvaluationReportLoggingListener : 

Error starting ApplicationContext. To display the conditions report re-run your application with 'debug' enabled.
2026-05-12 18:52:41.248 ERROR 30708 --- [  restartedMain] o.s.b.d.LoggingFailureAnalysisReporter   : 

***************************
APPLICATION FAILED TO START
***************************

Description:

Failed to configure a DataSource: 'url' attribute is not specified and no embedded datasource could be configured.

Reason: Failed to determine a suitable driver class


Action:

Consider the following:
	If you want an embedded database (H2, HSQL or Derby), please put it on the classpath.
	If you have database settings to be loaded from a particular profile you may need to activate it (no profiles are currently active).


  .   ____          _            __ _ _
 /\\ / ___'_ __ _ _(_)_ __  __ _ \ \ \ \
( ( )\___ | '_ | '_| | '_ \/ _` | \ \ \ \
 \\/  ___)| |_)| | | | | || (_| |  ) ) ) )
  '  |____| .__|_| |_|_| |_\__, | / / / /
 =========|_|==============|___/=/_/_/_/
 :: Spring Boot ::        (v2.2.7.RELEASE)

2026-05-12 18:52:46.769  INFO 30708 --- [  restartedMain] top.hyp.BlogApiApplication               : Starting BlogApiApplication on LAPTOP-1FHCMDOG with PID 30708 (D:\Java_project\HYPBlog\blog-api\target\classes started by ASUS in D:\Java_project\HYPBlog\blog-api)
2026-05-12 18:52:46.769  INFO 30708 --- [  restartedMain] top.hyp.BlogApiApplication               : The following profiles are active: dev
2026-05-12 18:52:46.844  INFO 30708 --- [  restartedMain] .s.d.r.c.RepositoryConfigurationDelegate : Multiple Spring Data modules found, entering strict repository configuration mode!
2026-05-12 18:52:46.844  INFO 30708 --- [  restartedMain] .s.d.r.c.RepositoryConfigurationDelegate : Bootstrapping Spring Data Redis repositories in DEFAULT mode.
2026-05-12 18:52:46.844  INFO 30708 --- [  restartedMain] .s.d.r.c.RepositoryConfigurationDelegate : Finished Spring Data repository scanning in 0ms. Found 0 Redis repository interfaces.
2026-05-12 18:52:46.867  WARN 30708 --- [  restartedMain] o.m.s.mapper.ClassPathMapperScanner      : No MyBatis mapper was found in '[top.hyp]' package. Please check your configuration.
2026-05-12 18:52:46.898  INFO 30708 --- [  restartedMain] o.s.b.w.embedded.tomcat.TomcatWebServer  : Tomcat initialized with port(s): 8090 (http)
2026-05-12 18:52:46.899  INFO 30708 --- [  restartedMain] o.apache.catalina.core.StandardService   : Starting service [Tomcat]
2026-05-12 18:52:46.899  INFO 30708 --- [  restartedMain] org.apache.catalina.core.StandardEngine  : Starting Servlet engine: [Apache Tomcat/9.0.34]
2026-05-12 18:52:46.909  INFO 30708 --- [  restartedMain] o.a.c.c.C.[Tomcat-3].[localhost].[/]     : Initializing Spring embedded WebApplicationContext
2026-05-12 18:52:46.909  INFO 30708 --- [  restartedMain] o.s.web.context.ContextLoader            : Root WebApplicationContext: initialization completed in 139 ms
2026-05-12 18:52:46.954  INFO 30708 --- [  restartedMain] o.s.s.concurrent.ThreadPoolTaskExecutor  : Initializing ExecutorService 'applicationTaskExecutor'
2026-05-12 18:52:47.004  WARN 30708 --- [  restartedMain] ConfigServletWebServerApplicationContext : Exception encountered during context initialization - cancelling refresh attempt: org.springframework.beans.factory.BeanCreationException: Error creating bean with name 'sqlSessionFactory' defined in class path resource [org/mybatis/spring/boot/autoconfigure/MybatisAutoConfiguration.class]: Bean instantiation via factory method failed; nested exception is org.springframework.beans.BeanInstantiationException: Failed to instantiate [org.apache.ibatis.session.SqlSessionFactory]: Factory method 'sqlSessionFactory' threw exception; nested exception is org.springframework.core.NestedIOException: Failed to parse mapping resource: 'file [D:\Java_project\HYPBlog\blog-api\target\classes\mapper\AboutMapper.xml]'; nested exception is org.apache.ibatis.builder.BuilderException: Error parsing Mapper XML. The XML location is 'file [D:\Java_project\HYPBlog\blog-api\target\classes\mapper\AboutMapper.xml]'. Cause: org.apache.ibatis.builder.BuilderException: Error resolving class. Cause: org.apache.ibatis.type.TypeException: Could not resolve type alias 'top.hyp.entity.About'.  Cause: java.lang.ClassNotFoundException: Cannot find class: top.hyp.entity.About
2026-05-12 18:52:47.004  INFO 30708 --- [  restartedMain] o.s.s.concurrent.ThreadPoolTaskExecutor  : Shutting down ExecutorService 'applicationTaskExecutor'
2026-05-12 18:52:47.005  INFO 30708 --- [  restartedMain] o.apache.catalina.core.StandardService   : Stopping service [Tomcat]
2026-05-12 18:52:47.010  INFO 30708 --- [  restartedMain] ConditionEvaluationReportLoggingListener : 

Error starting ApplicationContext. To display the conditions report re-run your application with 'debug' enabled.
2026-05-12 18:52:47.011 ERROR 30708 --- [  restartedMain] o.s.boot.SpringApplication               : Application run failed

org.springframework.beans.factory.BeanCreationException: Error creating bean with name 'sqlSessionFactory' defined in class path resource [org/mybatis/spring/boot/autoconfigure/MybatisAutoConfiguration.class]: Bean instantiation via factory method failed; nested exception is org.springframework.beans.BeanInstantiationException: Failed to instantiate [org.apache.ibatis.session.SqlSessionFactory]: Factory method 'sqlSessionFactory' threw exception; nested exception is org.springframework.core.NestedIOException: Failed to parse mapping resource: 'file [D:\Java_project\HYPBlog\blog-api\target\classes\mapper\AboutMapper.xml]'; nested exception is org.apache.ibatis.builder.BuilderException: Error parsing Mapper XML. The XML location is 'file [D:\Java_project\HYPBlog\blog-api\target\classes\mapper\AboutMapper.xml]'. Cause: org.apache.ibatis.builder.BuilderException: Error resolving class. Cause: org.apache.ibatis.type.TypeException: Could not resolve type alias 'top.hyp.entity.About'.  Cause: java.lang.ClassNotFoundException: Cannot find class: top.hyp.entity.About
	at org.springframework.beans.factory.support.ConstructorResolver.instantiate(ConstructorResolver.java:656)
	at org.springframework.beans.factory.support.ConstructorResolver.instantiateUsingFactoryMethod(ConstructorResolver.java:636)
	at org.springframework.beans.factory.support.AbstractAutowireCapableBeanFactory.instantiateUsingFactoryMethod(AbstractAutowireCapableBeanFactory.java:1338)
	at org.springframework.beans.factory.support.AbstractAutowireCapableBeanFactory.createBeanInstance(AbstractAutowireCapableBeanFactory.java:1177)
	at org.springframework.beans.factory.support.AbstractAutowireCapableBeanFactory.doCreateBean(AbstractAutowireCapableBeanFactory.java:557)
	at org.springframework.beans.factory.support.AbstractAutowireCapableBeanFactory.createBean(AbstractAutowireCapableBeanFactory.java:517)
	at org.springframework.beans.factory.support.AbstractBeanFactory.lambda$doGetBean$0(AbstractBeanFactory.java:323)
	at org.springframework.beans.factory.support.DefaultSingletonBeanRegistry.getSingleton(DefaultSingletonBeanRegistry.java:226)
	at org.springframework.beans.factory.support.AbstractBeanFactory.doGetBean(AbstractBeanFactory.java:321)
	at org.springframework.beans.factory.support.AbstractBeanFactory.getBean(AbstractBeanFactory.java:202)
	at org.springframework.beans.factory.support.DefaultListableBeanFactory.preInstantiateSingletons(DefaultListableBeanFactory.java:895)
	at org.springframework.context.support.AbstractApplicationContext.finishBeanFactoryInitialization(AbstractApplicationContext.java:878)
	at org.springframework.context.support.AbstractApplicationContext.refresh(AbstractApplicationContext.java:550)
	at org.springframework.boot.web.servlet.context.ServletWebServerApplicationContext.refresh(ServletWebServerApplicationContext.java:141)
	at org.springframework.boot.SpringApplication.refresh(SpringApplication.java:747)
	at org.springframework.boot.SpringApplication.refreshContext(SpringApplication.java:397)
	at org.springframework.boot.SpringApplication.run(SpringApplication.java:315)
	at org.springframework.boot.SpringApplication.run(SpringApplication.java:1226)
	at org.springframework.boot.SpringApplication.run(SpringApplication.java:1215)
	at top.hyp.BlogApiApplication.main(BlogApiApplication.java:10)
	at java.base/jdk.internal.reflect.NativeMethodAccessorImpl.invoke0(Native Method)
	at java.base/jdk.internal.reflect.NativeMethodAccessorImpl.invoke(NativeMethodAccessorImpl.java:77)
	at java.base/jdk.internal.reflect.DelegatingMethodAccessorImpl.invoke(DelegatingMethodAccessorImpl.java:43)
	at java.base/java.lang.reflect.Method.invoke(Method.java:568)
	at org.springframework.boot.devtools.restart.RestartLauncher.run(RestartLauncher.java:49)
Caused by: org.springframework.beans.BeanInstantiationException: Failed to instantiate [org.apache.ibatis.session.SqlSessionFactory]: Factory method 'sqlSessionFactory' threw exception; nested exception is org.springframework.core.NestedIOException: Failed to parse mapping resource: 'file [D:\Java_project\HYPBlog\blog-api\target\classes\mapper\AboutMapper.xml]'; nested exception is org.apache.ibatis.builder.BuilderException: Error parsing Mapper XML. The XML location is 'file [D:\Java_project\HYPBlog\blog-api\target\classes\mapper\AboutMapper.xml]'. Cause: org.apache.ibatis.builder.BuilderException: Error resolving class. Cause: org.apache.ibatis.type.TypeException: Could not resolve type alias 'top.hyp.entity.About'.  Cause: java.lang.ClassNotFoundException: Cannot find class: top.hyp.entity.About
	at org.springframework.beans.factory.support.SimpleInstantiationStrategy.instantiate(SimpleInstantiationStrategy.java:185)
	at org.springframework.beans.factory.support.ConstructorResolver.instantiate(ConstructorResolver.java:651)
	... 24 common frames omitted
Caused by: org.springframework.core.NestedIOException: Failed to parse mapping resource: 'file [D:\Java_project\HYPBlog\blog-api\target\classes\mapper\AboutMapper.xml]'; nested exception is org.apache.ibatis.builder.BuilderException: Error parsing Mapper XML. The XML location is 'file [D:\Java_project\HYPBlog\blog-api\target\classes\mapper\AboutMapper.xml]'. Cause: org.apache.ibatis.builder.BuilderException: Error resolving class. Cause: org.apache.ibatis.type.TypeException: Could not resolve type alias 'top.hyp.entity.About'.  Cause: java.lang.ClassNotFoundException: Cannot find class: top.hyp.entity.About
	at org.mybatis.spring.SqlSessionFactoryBean.buildSqlSessionFactory(SqlSessionFactoryBean.java:612)
	at org.mybatis.spring.SqlSessionFactoryBean.afterPropertiesSet(SqlSessionFactoryBean.java:490)
	at org.mybatis.spring.SqlSessionFactoryBean.getObject(SqlSessionFactoryBean.java:632)
	at org.mybatis.spring.boot.autoconfigure.MybatisAutoConfiguration.sqlSessionFactory(MybatisAutoConfiguration.java:180)
	at org.mybatis.spring.boot.autoconfigure.MybatisAutoConfiguration$$EnhancerBySpringCGLIB$$bfc5caad.CGLIB$sqlSessionFactory$1(<generated>)
	at org.mybatis.spring.boot.autoconfigure.MybatisAutoConfiguration$$EnhancerBySpringCGLIB$$bfc5caad$$FastClassBySpringCGLIB$$52e31ba5.invoke(<generated>)
	at org.springframework.cglib.proxy.MethodProxy.invokeSuper(MethodProxy.java:244)
	at org.springframework.context.annotation.ConfigurationClassEnhancer$BeanMethodInterceptor.intercept(ConfigurationClassEnhancer.java:331)
	at org.mybatis.spring.boot.autoconfigure.MybatisAutoConfiguration$$EnhancerBySpringCGLIB$$bfc5caad.sqlSessionFactory(<generated>)
	at java.base/jdk.internal.reflect.NativeMethodAccessorImpl.invoke0(Native Method)
	at java.base/jdk.internal.reflect.NativeMethodAccessorImpl.invoke(NativeMethodAccessorImpl.java:77)
	at java.base/jdk.internal.reflect.DelegatingMethodAccessorImpl.invoke(DelegatingMethodAccessorImpl.java:43)
	at java.base/java.lang.reflect.Method.invoke(Method.java:568)
	at org.springframework.beans.factory.support.SimpleInstantiationStrategy.instantiate(SimpleInstantiationStrategy.java:154)
	... 25 common frames omitted
Caused by: org.apache.ibatis.builder.BuilderException: Error parsing Mapper XML. The XML location is 'file [D:\Java_project\HYPBlog\blog-api\target\classes\mapper\AboutMapper.xml]'. Cause: org.apache.ibatis.builder.BuilderException: Error resolving class. Cause: org.apache.ibatis.type.TypeException: Could not resolve type alias 'top.hyp.entity.About'.  Cause: java.lang.ClassNotFoundException: Cannot find class: top.hyp.entity.About
	at org.apache.ibatis.builder.xml.XMLMapperBuilder.configurationElement(XMLMapperBuilder.java:123)
	at org.apache.ibatis.builder.xml.XMLMapperBuilder.parse(XMLMapperBuilder.java:95)
	at org.mybatis.spring.SqlSessionFactoryBean.buildSqlSessionFactory(SqlSessionFactoryBean.java:610)
	... 38 common frames omitted
Caused by: org.apache.ibatis.builder.BuilderException: Error resolving class. Cause: org.apache.ibatis.type.TypeException: Could not resolve type alias 'top.hyp.entity.About'.  Cause: java.lang.ClassNotFoundException: Cannot find class: top.hyp.entity.About
	at org.apache.ibatis.builder.BaseBuilder.resolveClass(BaseBuilder.java:118)
	at org.apache.ibatis.builder.xml.XMLStatementBuilder.parseStatementNode(XMLStatementBuilder.java:102)
	at org.apache.ibatis.builder.xml.XMLMapperBuilder.buildStatementFromContext(XMLMapperBuilder.java:138)
	at org.apache.ibatis.builder.xml.XMLMapperBuilder.buildStatementFromContext(XMLMapperBuilder.java:131)
	at org.apache.ibatis.builder.xml.XMLMapperBuilder.configurationElement(XMLMapperBuilder.java:121)
	... 40 common frames omitted
Caused by: org.apache.ibatis.type.TypeException: Could not resolve type alias 'top.hyp.entity.About'.  Cause: java.lang.ClassNotFoundException: Cannot find class: top.hyp.entity.About
	at org.apache.ibatis.type.TypeAliasRegistry.resolveAlias(TypeAliasRegistry.java:120)
	at org.apache.ibatis.builder.BaseBuilder.resolveAlias(BaseBuilder.java:149)
	at org.apache.ibatis.builder.BaseBuilder.resolveClass(BaseBuilder.java:116)
	... 44 common frames omitted
Caused by: java.lang.ClassNotFoundException: Cannot find class: top.hyp.entity.About
	at org.apache.ibatis.io.ClassLoaderWrapper.classForName(ClassLoaderWrapper.java:200)
	at org.apache.ibatis.io.ClassLoaderWrapper.classForName(ClassLoaderWrapper.java:89)
	at org.apache.ibatis.io.Resources.classForName(Resources.java:261)
	at org.apache.ibatis.type.TypeAliasRegistry.resolveAlias(TypeAliasRegistry.java:116)
	... 46 common frames omitted


  .   ____          _            __ _ _
 /\\ / ___'_ __ _ _(_)_ __  __ _ \ \ \ \
( ( )\___ | '_ | '_| | '_ \/ _` | \ \ \ \
 \\/  ___)| |_)| | | | | || (_| |  ) ) ) )
  '  |____| .__|_| |_|_| |_\__, | / / / /
 =========|_|==============|___/=/_/_/_/
 :: Spring Boot ::        (v2.2.7.RELEASE)

2026-05-12 18:52:49.902  INFO 30708 --- [  restartedMain] top.hyp.BlogApiApplication               : Starting BlogApiApplication on LAPTOP-1FHCMDOG with PID 30708 (D:\Java_project\HYPBlog\blog-api\target\classes started by ASUS in D:\Java_project\HYPBlog\blog-api)
2026-05-12 18:52:49.902  INFO 30708 --- [  restartedMain] top.hyp.BlogApiApplication               : The following profiles are active: dev
2026-05-12 18:52:50.083  INFO 30708 --- [  restartedMain] .s.d.r.c.RepositoryConfigurationDelegate : Multiple Spring Data modules found, entering strict repository configuration mode!
2026-05-12 18:52:50.084  INFO 30708 --- [  restartedMain] .s.d.r.c.RepositoryConfigurationDelegate : Bootstrapping Spring Data Redis repositories in DEFAULT mode.
2026-05-12 18:52:50.099  INFO 30708 --- [  restartedMain] .s.d.r.c.RepositoryConfigurationDelegate : Finished Spring Data repository scanning in 15ms. Found 0 Redis repository interfaces.
2026-05-12 18:52:50.162  INFO 30708 --- [  restartedMain] trationDelegate$BeanPostProcessorChecker : Bean 'org.springframework.retry.annotation.RetryConfiguration' of type [org.springframework.retry.annotation.RetryConfiguration$$EnhancerBySpringCGLIB$$82b511a2] is not eligible for getting processed by all BeanPostProcessors (for example: not eligible for auto-proxying)
2026-05-12 18:52:50.226  INFO 30708 --- [  restartedMain] o.s.b.w.embedded.tomcat.TomcatWebServer  : Tomcat initialized with port(s): 8090 (http)
2026-05-12 18:52:50.227  INFO 30708 --- [  restartedMain] o.apache.catalina.core.StandardService   : Starting service [Tomcat]
2026-05-12 18:52:50.227  INFO 30708 --- [  restartedMain] org.apache.catalina.core.StandardEngine  : Starting Servlet engine: [Apache Tomcat/9.0.34]
2026-05-12 18:52:50.238  INFO 30708 --- [  restartedMain] o.a.c.c.C.[Tomcat-4].[localhost].[/]     : Initializing Spring embedded WebApplicationContext
2026-05-12 18:52:50.238  INFO 30708 --- [  restartedMain] o.s.web.context.ContextLoader            : Root WebApplicationContext: initialization completed in 334 ms
2026-05-12 18:52:50.360  INFO 30708 --- [  restartedMain] n.b.parse.useragent.utils.YauaaVersion   : 
2026-05-12 18:52:50.360  INFO 30708 --- [  restartedMain] n.b.parse.useragent.utils.YauaaVersion   : /-----------------------------------------------------------\
2026-05-12 18:52:50.360  INFO 30708 --- [  restartedMain] n.b.parse.useragent.utils.YauaaVersion   : | Yauaa 7.11.0 (v7.11.0 @ 2023-01-24T21:50:03Z)             |
2026-05-12 18:52:50.360  INFO 30708 --- [  restartedMain] n.b.parse.useragent.utils.YauaaVersion   : +-----------------------------------------------------------+
2026-05-12 18:52:50.360  INFO 30708 --- [  restartedMain] n.b.parse.useragent.utils.YauaaVersion   : | For more information: https://yauaa.basjes.nl             |
2026-05-12 18:52:50.360  INFO 30708 --- [  restartedMain] n.b.parse.useragent.utils.YauaaVersion   : | Copyright (C) 2013-2023 Niels Basjes - License Apache 2.0 |
2026-05-12 18:52:50.361  INFO 30708 --- [  restartedMain] n.b.parse.useragent.utils.YauaaVersion   : \-----------------------------------------------------------/
2026-05-12 18:52:50.361  INFO 30708 --- [  restartedMain] n.b.parse.useragent.utils.YauaaVersion   : 
2026-05-12 18:52:50.452  INFO 30708 --- [  restartedMain] n.b.parse.useragent.config.ConfigLoader  : - Loaded 111 files in   90 ms using expression: classpath*:UserAgents/**/*.yaml
2026-05-12 18:52:51.525  INFO 30708 --- [  restartedMain] n.b.p.u.a.UserAgentStringMatchMaker      : Building all needed matchers for the requested 11 fields.
2026-05-12 18:52:51.782  INFO 30708 --- [  restartedMain] org.quartz.impl.StdSchedulerFactory      : Using default implementation for ThreadExecutor
2026-05-12 18:52:51.783  INFO 30708 --- [  restartedMain] org.quartz.core.SchedulerSignalerImpl    : Initialized Scheduler Signaller of type: class org.quartz.core.SchedulerSignalerImpl
2026-05-12 18:52:51.783  INFO 30708 --- [  restartedMain] org.quartz.core.QuartzScheduler          : Quartz Scheduler v.2.3.2 created.
2026-05-12 18:52:51.783  INFO 30708 --- [  restartedMain] org.quartz.simpl.RAMJobStore             : RAMJobStore initialized.
2026-05-12 18:52:51.783  INFO 30708 --- [  restartedMain] org.quartz.core.QuartzScheduler          : Scheduler meta-data: Quartz Scheduler (v2.3.2) 'quartzScheduler' with instanceId 'NON_CLUSTERED'
  Scheduler class: 'org.quartz.core.QuartzScheduler' - running locally.
  NOT STARTED.
  Currently in standby mode.
  Number of jobs executed: 0
  Using thread pool 'org.quartz.simpl.SimpleThreadPool' - with 10 threads.
  Using job-store 'org.quartz.simpl.RAMJobStore' - which does not support persistence. and is not clustered.

2026-05-12 18:52:51.783  INFO 30708 --- [  restartedMain] org.quartz.impl.StdSchedulerFactory      : Quartz scheduler 'quartzScheduler' initialized from an externally provided properties instance.
2026-05-12 18:52:51.783  INFO 30708 --- [  restartedMain] org.quartz.impl.StdSchedulerFactory      : Quartz scheduler version: 2.3.2
2026-05-12 18:52:51.783  INFO 30708 --- [  restartedMain] org.quartz.core.QuartzScheduler          : JobFactory set to: org.springframework.scheduling.quartz.SpringBeanJobFactory@3d2195da
2026-05-12 18:52:51.796  INFO 30708 --- [  restartedMain] com.zaxxer.hikari.HikariDataSource       : HikariPool-3 - Starting...
2026-05-12 18:52:51.802  INFO 30708 --- [  restartedMain] com.zaxxer.hikari.HikariDataSource       : HikariPool-3 - Start completed.
2026-05-12 18:52:52.034  INFO 30708 --- [  restartedMain] o.s.s.concurrent.ThreadPoolTaskExecutor  : Initializing ExecutorService 'applicationTaskExecutor'
2026-05-12 18:52:52.226  INFO 30708 --- [  restartedMain] o.s.s.web.DefaultSecurityFilterChain     : Creating filter chain: any request, [org.springframework.security.web.context.request.async.WebAsyncManagerIntegrationFilter@7aa479f8, org.springframework.security.web.context.SecurityContextPersistenceFilter@5b57d5ff, org.springframework.security.web.header.HeaderWriterFilter@89c8c5, org.springframework.web.filter.CorsFilter@f4f90ed, org.springframework.security.web.authentication.logout.LogoutFilter@6b29dc65, top.hyp.config.JwtLoginFilter@4ed96d90, top.hyp.config.JwtFilter@5ecfbdff, org.springframework.security.web.savedrequest.RequestCacheAwareFilter@665c2e9a, org.springframework.security.web.servletapi.SecurityContextHolderAwareRequestFilter@e4a482, org.springframework.security.web.authentication.AnonymousAuthenticationFilter@7fd7467, org.springframework.security.web.session.SessionManagementFilter@2ab6976d, org.springframework.security.web.access.ExceptionTranslationFilter@7ef74c1f, org.springframework.security.web.access.intercept.FilterSecurityInterceptor@58b907eb]
2026-05-12 18:52:52.262  INFO 30708 --- [  restartedMain] o.s.b.d.a.OptionalLiveReloadServer       : LiveReload server is running on port 35729
2026-05-12 18:52:52.268  INFO 30708 --- [  restartedMain] o.s.s.quartz.SchedulerFactoryBean        : Starting Quartz Scheduler now
2026-05-12 18:52:52.268  INFO 30708 --- [  restartedMain] org.quartz.core.QuartzScheduler          : Scheduler quartzScheduler_$_NON_CLUSTERED started.
2026-05-12 18:52:52.273  INFO 30708 --- [  restartedMain] o.s.b.w.embedded.tomcat.TomcatWebServer  : Tomcat started on port(s): 8090 (http) with context path ''
2026-05-12 18:52:52.273  INFO 30708 --- [  restartedMain] top.hyp.BlogApiApplication               : Started BlogApiApplication in 2.385 seconds (JVM running for 6912.145)
2026-05-12 18:52:52.275  INFO 30708 --- [  restartedMain] .ConditionEvaluationDeltaLoggingListener : Condition evaluation unchanged
2026-05-12 19:29:42.352  INFO 30708 --- [nio-8090-exec-1] o.a.c.c.C.[Tomcat-4].[localhost].[/]     : Initializing Spring DispatcherServlet 'dispatcherServlet'
2026-05-12 19:29:42.358  INFO 30708 --- [nio-8090-exec-1] o.s.web.servlet.DispatcherServlet        : Initializing Servlet 'dispatcherServlet'
2026-05-12 19:29:42.409  INFO 30708 --- [nio-8090-exec-1] o.s.web.servlet.DispatcherServlet        : Completed initialization in 51 ms
2026-05-12 19:29:42.555  INFO 30708 --- [         task-1] n.b.p.u.a.UserAgentStringMatchMaker      : Initializing Analyzer data structures
2026-05-12 19:29:43.157  INFO 30708 --- [         task-1] n.b.p.u.a.UserAgentStringMatchMaker      : Built in 600 msec : Hashmap 192397, Ranges map:2904
