
> blog-view@1.0.0 serve
> vue-cli-service serve

 INFO  Starting development server...
 DONE  Compiled successfully in 1781ms16:58:11


  App running at:
  - Local:   http://localhost:8080/ 
  - Network: unavailable

  Note that the development build is not optimized.
  To create a production build, run npm run build.

 WAIT  Compiling...17:44:43

 DONE  Compiled successfully in 107ms17:44:43


  App running at:
  - Local:   http://localhost:8080/ 
  - Network: unavailable

 WAIT  Compiling...17:45:01

 DONE  Compiled successfully in 70ms17:45:01


  App running at:
  - Local:   http://localhost:8080/ 
  - Network: unavailable

 WAIT  Compiling...18:16:37

 DONE  Compiled successfully in 56ms18:16:37


  App running at:
  - Local:   http://localhost:8080/ 
  - Network: unavailable

